// Jest Snapshot v1, https://goo.gl/fbAQLP

exports[`<RecipeSearchForm /> renders without crashing 1`] = `
<div>
  <styled.h2>
    Welcome to what2eat
  </styled.h2>
  <styled.form
    onSubmit={[Function]}
  >
    <styled.label
      aria-labelledby="addIngredient"
      htmlFor="addIngredient"
    >
      Add Your Special Ingredients Here
    </styled.label>
    <styled.input
      id="addIngredient"
      name="addIngredient"
      placeholder=" Add Ingredient"
      type="text"
    />
    <styled.button
      type="submit"
    >
      Add
    </styled.button>
  </styled.form>
  <styled.form
    onSubmit={[Function]}
  >
    <Checkbox
      handleCheckboxChange={[Function]}
      key="Chicken"
      label="Chicken"
    />
    <Checkbox
      handleCheckboxChange={[Function]}
      key="Eggs"
      label="Eggs"
    />
    <Checkbox
      handleCheckboxChange={[Function]}
      key="Cheese"
      label="Cheese"
    />
    <Checkbox
      handleCheckboxChange={[Function]}
      key="Flour"
      label="Flour"
    />
    <Checkbox
      handleCheckboxChange={[Function]}
      key="Salt"
      label="Salt"
    />
    <Checkbox
      handleCheckboxChange={[Function]}
      key="Bacon"
      label="Bacon"
    />
    <Checkbox
      handleCheckboxChange={[Function]}
      key="Honey"
      label="Honey"
    />
    <Checkbox
      handleCheckboxChange={[Function]}
      key="Butter"
      label="Butter"
    />
    <Checkbox
      handleCheckboxChange={[Function]}
      key="Cayenne"
      label="Cayenne"
    />
    <Checkbox
      handleCheckboxChange={[Function]}
      key="Sugar"
      label="Sugar"
    />
    <Checkbox
      handleCheckboxChange={[Function]}
      key="Rice"
      label="Rice"
    />
    <Checkbox
      handleCheckboxChange={[Function]}
      key="Celery"
      label="Celery"
    />
    <Checkbox
      handleCheckboxChange={[Function]}
      key="Agave"
      label="Agave"
    />
    <Checkbox
      handleCheckboxChange={[Function]}
      key="Cilantro"
      label="Cilantro"
    />
    <Checkbox
      handleCheckboxChange={[Function]}
      key="Cinnamon"
      label="Cinnamon"
    />
    <Checkbox
      handleCheckboxChange={[Function]}
      key="Dijon"
      label="Dijon"
    />
    <Checkbox
      handleCheckboxChange={[Function]}
      key="Lemon"
      label="Lemon"
    />
    <Checkbox
      handleCheckboxChange={[Function]}
      key="Garlic"
      label="Garlic"
    />
    <styled.button
      type="submit"
    >
      Search
    </styled.button>
  </styled.form>
</div>
`;
